// Jest Snapshot v1, https://goo.gl/fbAQLP

exports[`Test component <GifExpertApp should show the title 1`] = `
<h1>
  GifExpertApp
</h1>
`;
